// Jest Snapshot v1, https://goo.gl/fbAQLP

exports[`schema {"name":"<key>","choices":["<value>",{"value":"<deprecated-value>","deprecated":true},{"value":"<forward-value>","forward":{"key":"<transfer-key>","value":"<transfer-value>"}},{"value":"<redirect-value>","redirect":{"key":"<transfer-key>","value":"<transfer-value>"}}]} with input {"<key>":"<deprecated-value>"} 1`] = `
Array [
  "{ \\"<key>\\": \\"<deprecated-value>\\" } is deprecated.",
]
`;

exports[`schema {"name":"<key>","choices":["<value>",{"value":"<deprecated-value>","deprecated":true},{"value":"<forward-value>","forward":{"key":"<transfer-key>","value":"<transfer-value>"}},{"value":"<redirect-value>","redirect":{"key":"<transfer-key>","value":"<transfer-value>"}}]} with input {"<key>":"<invalid-value>"} 1`] = `"Invalid \\"<key>\\" value. Expected \\"<forward-value>\\", \\"<redirect-value>\\" or \\"<value>\\", but received \\"<invalid-value>\\"."`;
