// Jest Snapshot v1, https://goo.gl/fbAQLP

exports[`schema {"name":"<key>"} with input {"<key>":"string"} 1`] = `"Invalid \\"<key>\\" value. Expected a number, but received \\"string\\"."`;
