// Jest Snapshot v1, https://goo.gl/fbAQLP

exports[`schema {"name":"<key>"} with input {"<key>":1} 1`] = `"Invalid \\"<key>\\" value. Expected a string, but received 1."`;
